xpm_fifo_axis: 
reg__31: 
xpm_cdc_gray: 
case__74: 
case__14: 
logic__173: 
signinv__9: 
logic__51: 
reg__25: 
keep__43: 
case__47: 
reg__10: 
xpm_counter_updn: 
reg__21: 
xpm_cdc_gray__parameterized0: 
signinv__8: 
case__79: 
keep__63: 
xpm_fifo_reg_vec__parameterized0: 
case__34: 
logic__194: 
case__43: 
extram: 
keep__65: 
logic__186: 
xpm_fifo_reg_bit: 
keep__66: 
reg__6: 
logic__99: 
signinv__6: 
reg__13: 
keep__59: 
logic__179: 
reg__37: 
logic__109: 
logic__20: 
logic__107: 
logic__172: 
reg__34: 
case__46: 
datapath__6: 
reg__18: 
keep__49: 
reg__24: 
logic__114: 
logic__2: 
logic__180: 
case__71: 
logic__1: 
case__69: 
datapath__1: 
signinv__3: 
case__21: 
case__39: 
reg__28: 
reg__14: 
keep__51: 
logic__104: 
keep__61: 
reg__17: 
reg__8: 
case__37: 
case__31: 
case__12: 
logic__176: 
case__76: 
signinv__14: 
case__13: 
case__22: 
signinv__11: 
reg__32: 
logic__117: 
signinv: 
keep: 
xpm_cdc_sync_rst: 
reg__12: 
reg__16: 
logic__93: 
case__27: 
signinv__12: 
case__28: 
logic__110: 
axis_infrastructure_v1_1_0_util_vector2axis: 
case__75: 
datapath__3: 
reg__38: 
keep__58: 
logic__5: 
axis_data_fifo_v2_0_1_top: 
logic__195: 
case__73: 
case__32: 
keep__48: 
case__68: 
reg__1: 
reg__3: 
xpm_fifo_base: 
logic__100: 
keep__55: 
logic__174: 
case__44: 
case__15: 
logic__95: 
signinv__1: 
keep__57: 
reg__19: 
signinv__2: 
keep__69: 
reg__11: 
case__80: 
reg__33: 
case__41: 
keep__70: 
reg__5: 
keep__44: 
keep__45: 
datapath__8: 
logic__33: 
logic__36: 
datapath__9: 
case__70: 
design_1_axis_data_fifo_0_0: 
keep__56: 
xpm_memory_base: 
keep__46: 
datapath__2: 
reg__15: 
logic__94: 
case__29: 
logic__108: 
logic: 
keep__68: 
axis_infrastructure_v1_1_0_util_aclken_converter_wrapper: 
case__33: 
signinv__13: 
datapath: 
keep__50: 
keep__62: 
reg__9: 
reg__29: 
logic__113: 
keep__42: 
xpm_counter_updn__parameterized0: 
case: 
reg__20: 
case__36: 
reg__2: 
logic__168: 
case__42: 
keep__47: 
case__16: 
keep__52: 
datapath__4: 
logic__185: 
logic__193: 
keep__67: 
signinv__7: 
case__77: 
case__24: 
signinv__5: 
keep__60: 
reg: 
xpm_fifo_rst: 
reg__30: 
signinv__10: 
case__72: 
reg__7: 
xpm_cdc_gray__parameterized1: 
case__26: 
xpm_counter_updn__parameterized1: 
reg__4: 
logic__175: 
case__38: 
keep__53: 
keep__64: 
logic__17: 
xpm_counter_updn__parameterized2: 
axis_infrastructure_v1_1_0_util_axis2vector: 
datapath__7: 
case__78: 
xpm_fifo_reg_vec: 
keep__54: 
logic__50: 
datapath__5: 
signinv__4: 
logic__83: 
case__23: 
logic__92: 
logic__49: 
